tmp2.tsx(351,6): error TS17008: JSX element 'div' has no corresponding closing tag.
tmp2.tsx(395,39): error TS1005: '}' expected.
tmp2.tsx(395,97): error TS1381: Unexpected token. Did you mean `{'}'}` or `&rbrace;`?
tmp2.tsx(396,31): error TS1382: Unexpected token. Did you mean `{'>'}` or `&gt;`?
tmp2.tsx(397,37): error TS1382: Unexpected token. Did you mean `{'>'}` or `&gt;`?
tmp2.tsx(398,32): error TS1005: '}' expected.
tmp2.tsx(398,64): error TS1382: Unexpected token. Did you mean `{'>'}` or `&gt;`?
tmp2.tsx(398,70): error TS1382: Unexpected token. Did you mean `{'>'}` or `&gt;`?
tmp2.tsx(398,95): error TS1382: Unexpected token. Did you mean `{'>'}` or `&gt;`?
tmp2.tsx(398,100): error TS1381: Unexpected token. Did you mean `{'}'}` or `&rbrace;`?
tmp2.tsx(399,22): error TS1382: Unexpected token. Did you mean `{'>'}` or `&gt;`?
tmp2.tsx(400,31): error TS1382: Unexpected token. Did you mean `{'>'}` or `&gt;`?
tmp2.tsx(401,31): error TS1382: Unexpected token. Did you mean `{'>'}` or `&gt;`?
tmp2.tsx(401,42): error TS1005: '}' expected.
tmp2.tsx(401,48): error TS1382: Unexpected token. Did you mean `{'>'}` or `&gt;`?
tmp2.tsx(401,56): error TS1381: Unexpected token. Did you mean `{'}'}` or `&rbrace;`?
tmp2.tsx(402,34): error TS1382: Unexpected token. Did you mean `{'>'}` or `&gt;`?
tmp2.tsx(403,34): error TS1382: Unexpected token. Did you mean `{'>'}` or `&gt;`?
tmp2.tsx(404,29): error TS1382: Unexpected token. Did you mean `{'>'}` or `&gt;`?
tmp2.tsx(405,32): error TS1382: Unexpected token. Did you mean `{'>'}` or `&gt;`?
tmp2.tsx(405,41): error TS1005: '}' expected.
tmp2.tsx(405,46): error TS1381: Unexpected token. Did you mean `{'}'}` or `&rbrace;`?
tmp2.tsx(406,33): error TS1382: Unexpected token. Did you mean `{'>'}` or `&gt;`?
tmp2.tsx(407,33): error TS1382: Unexpected token. Did you mean `{'>'}` or `&gt;`?
tmp2.tsx(413,3): error TS1109: Expression expected.
tmp2.tsx(416,56): error TS17008: JSX element 'string' has no corresponding closing tag.
tmp2.tsx(416,68): error TS1382: Unexpected token. Did you mean `{'>'}` or `&gt;`?
tmp2.tsx(417,52): error TS17008: JSX element 'string' has no corresponding closing tag.
tmp2.tsx(417,64): error TS1382: Unexpected token. Did you mean `{'>'}` or `&gt;`?
tmp2.tsx(418,46): error TS17008: JSX element 'string' has no corresponding closing tag.
tmp2.tsx(418,58): error TS1382: Unexpected token. Did you mean `{'>'}` or `&gt;`?
tmp2.tsx(420,51): error TS1003: Identifier expected.
tmp2.tsx(420,53): error TS1382: Unexpected token. Did you mean `{'>'}` or `&gt;`?
tmp2.tsx(422,42): error TS17008: JSX element 'string' has no corresponding closing tag.
tmp2.tsx(423,56): error TS17008: JSX element 'string' has no corresponding closing tag.
tmp2.tsx(424,60): error TS1003: Identifier expected.
tmp2.tsx(424,62): error TS1382: Unexpected token. Did you mean `{'>'}` or `&gt;`?
tmp2.tsx(434,61): error TS1003: Identifier expected.
tmp2.tsx(434,67): error TS1382: Unexpected token. Did you mean `{'>'}` or `&gt;`?
tmp2.tsx(439,46): error TS1003: Identifier expected.
tmp2.tsx(439,77): error TS1382: Unexpected token. Did you mean `{'>'}` or `&gt;`?
tmp2.tsx(444,52): error TS1003: Identifier expected.
tmp2.tsx(444,54): error TS1005: '...' expected.
tmp2.tsx(444,56): error TS1005: '}' expected.
tmp2.tsx(444,115): error TS1381: Unexpected token. Did you mean `{'}'}` or `&rbrace;`?
tmp2.tsx(444,118): error TS1382: Unexpected token. Did you mean `{'>'}` or `&gt;`?
tmp2.tsx(445,9): error TS1005: '}' expected.
tmp2.tsx(445,133): error TS1381: Unexpected token. Did you mean `{'}'}` or `&rbrace;`?
tmp2.tsx(446,9): error TS1005: '}' expected.
tmp2.tsx(446,151): error TS1381: Unexpected token. Did you mean `{'}'}` or `&rbrace;`?
tmp2.tsx(447,9): error TS1005: '}' expected.
tmp2.tsx(447,145): error TS1381: Unexpected token. Did you mean `{'}'}` or `&rbrace;`?
tmp2.tsx(448,9): error TS1005: '}' expected.
tmp2.tsx(448,141): error TS1381: Unexpected token. Did you mean `{'}'}` or `&rbrace;`?
tmp2.tsx(456,44): error TS1003: Identifier expected.
tmp2.tsx(456,46): error TS1005: '...' expected.
tmp2.tsx(456,48): error TS1005: '}' expected.
tmp2.tsx(456,149): error TS1381: Unexpected token. Did you mean `{'}'}` or `&rbrace;`?
tmp2.tsx(456,152): error TS1382: Unexpected token. Did you mean `{'>'}` or `&gt;`?
tmp2.tsx(457,9): error TS1005: '}' expected.
tmp2.tsx(457,336): error TS1381: Unexpected token. Did you mean `{'}'}` or `&rbrace;`?
tmp2.tsx(458,9): error TS1005: '}' expected.
tmp2.tsx(458,289): error TS1381: Unexpected token. Did you mean `{'}'}` or `&rbrace;`?
tmp2.tsx(460,65): error TS1003: Identifier expected.
tmp2.tsx(460,71): error TS1382: Unexpected token. Did you mean `{'>'}` or `&gt;`?
tmp2.tsx(479,52): error TS1003: Identifier expected.
tmp2.tsx(479,85): error TS1382: Unexpected token. Did you mean `{'>'}` or `&gt;`?
tmp2.tsx(483,57): error TS1003: Identifier expected.
tmp2.tsx(483,63): error TS1382: Unexpected token. Did you mean `{'>'}` or `&gt;`?
tmp2.tsx(486,61): error TS1003: Identifier expected.
tmp2.tsx(486,67): error TS1382: Unexpected token. Did you mean `{'>'}` or `&gt;`?
tmp2.tsx(487,27): error TS17008: JSX element 'HTMLDivElement' has no corresponding closing tag.
tmp2.tsx(490,55): error TS1003: Identifier expected.
tmp2.tsx(490,57): error TS1382: Unexpected token. Did you mean `{'>'}` or `&gt;`?
tmp2.tsx(491,65): error TS1003: Identifier expected.
tmp2.tsx(491,71): error TS1382: Unexpected token. Did you mean `{'>'}` or `&gt;`?
tmp2.tsx(492,67): error TS1003: Identifier expected.
tmp2.tsx(492,73): error TS1382: Unexpected token. Did you mean `{'>'}` or `&gt;`?
tmp2.tsx(505,68): error TS1005: '}' expected.
tmp2.tsx(505,98): error TS1381: Unexpected token. Did you mean `{'}'}` or `&rbrace;`?
tmp2.tsx(508,48): error TS1003: Identifier expected.
tmp2.tsx(509,5): error TS1005: '...' expected.
tmp2.tsx(509,10): error TS1005: '}' expected.
tmp2.tsx(512,24): error TS1005: '}' expected.
tmp2.tsx(512,69): error TS1381: Unexpected token. Did you mean `{'}'}` or `&rbrace;`?
tmp2.tsx(516,3): error TS1381: Unexpected token. Did you mean `{'}'}` or `&rbrace;`?
tmp2.tsx(516,11): error TS1382: Unexpected token. Did you mean `{'>'}` or `&gt;`?
tmp2.tsx(524,17): error TS1382: Unexpected token. Did you mean `{'>'}` or `&gt;`?
tmp2.tsx(525,9): error TS1005: '}' expected.
tmp2.tsx(527,28): error TS1005: '}' expected.
tmp2.tsx(528,34): error TS1382: Unexpected token. Did you mean `{'>'}` or `&gt;`?
tmp2.tsx(529,47): error TS1005: '}' expected.
tmp2.tsx(530,7): error TS1381: Unexpected token. Did you mean `{'}'}` or `&rbrace;`?
tmp2.tsx(531,5): error TS1381: Unexpected token. Did you mean `{'}'}` or `&rbrace;`?
tmp2.tsx(532,28): error TS1005: '}' expected.
tmp2.tsx(533,5): error TS1381: Unexpected token. Did you mean `{'}'}` or `&rbrace;`?
tmp2.tsx(534,16): error TS1382: Unexpected token. Did you mean `{'>'}` or `&gt;`?
tmp2.tsx(535,7): error TS1109: Expression expected.
tmp2.tsx(536,5): error TS1381: Unexpected token. Did you mean `{'}'}` or `&rbrace;`?
tmp2.tsx(537,3): error TS1381: Unexpected token. Did you mean `{'}'}` or `&rbrace;`?
tmp2.tsx(540,33): error TS17008: JSX element 'HTMLDivElement' has no corresponding closing tag.
tmp2.tsx(541,37): error TS17008: JSX element 'HTMLDivElement' has no corresponding closing tag.
tmp2.tsx(542,31): error TS17008: JSX element 'HTMLInputElement' has no corresponding closing tag.
tmp2.tsx(543,33): error TS17008: JSX element 'HTMLInputElement' has no corresponding closing tag.
tmp2.tsx(544,30): error TS17008: JSX element 'HTMLInputElement' has no corresponding closing tag.
tmp2.tsx(545,33): error TS17008: JSX element 'any' has no corresponding closing tag.
tmp2.tsx(546,37): error TS17008: JSX element 'HTMLTextAreaElement' has no corresponding closing tag.
tmp2.tsx(547,34): error TS17008: JSX element 'HTMLTextAreaElement' has no corresponding closing tag.
tmp2.tsx(550,17): error TS1382: Unexpected token. Did you mean `{'>'}` or `&gt;`?
tmp2.tsx(551,63): error TS1005: '}' expected.
tmp2.tsx(552,3): error TS1381: Unexpected token. Did you mean `{'}'}` or `&rbrace;`?
tmp2.tsx(554,17): error TS1382: Unexpected token. Did you mean `{'>'}` or `&gt;`?
tmp2.tsx(555,61): error TS1005: '}' expected.
tmp2.tsx(556,3): error TS1381: Unexpected token. Did you mean `{'}'}` or `&rbrace;`?
tmp2.tsx(558,17): error TS1382: Unexpected token. Did you mean `{'>'}` or `&gt;`?
tmp2.tsx(559,59): error TS1005: '}' expected.
tmp2.tsx(560,3): error TS1381: Unexpected token. Did you mean `{'}'}` or `&rbrace;`?
tmp2.tsx(562,43): error TS1382: Unexpected token. Did you mean `{'>'}` or `&gt;`?
tmp2.tsx(563,5): error TS1109: Expression expected.
tmp2.tsx(564,7): error TS1109: Expression expected.
tmp2.tsx(568,5): error TS1381: Unexpected token. Did you mean `{'}'}` or `&rbrace;`?
tmp2.tsx(569,3): error TS1381: Unexpected token. Did you mean `{'}'}` or `&rbrace;`?
tmp2.tsx(571,41): error TS1382: Unexpected token. Did you mean `{'>'}` or `&gt;`?
tmp2.tsx(572,5): error TS1109: Expression expected.
tmp2.tsx(573,7): error TS1109: Expression expected.
tmp2.tsx(577,5): error TS1381: Unexpected token. Did you mean `{'}'}` or `&rbrace;`?
tmp2.tsx(578,3): error TS1381: Unexpected token. Did you mean `{'}'}` or `&rbrace;`?
tmp2.tsx(581,17): error TS1382: Unexpected token. Did you mean `{'>'}` or `&gt;`?
tmp2.tsx(594,6): error TS1005: '}' expected.
tmp2.tsx(596,46): error TS1382: Unexpected token. Did you mean `{'>'}` or `&gt;`?
tmp2.tsx(597,7): error TS1109: Expression expected.
tmp2.tsx(600,19): error TS1382: Unexpected token. Did you mean `{'>'}` or `&gt;`?
tmp2.tsx(602,23): error TS1382: Unexpected token. Did you mean `{'>'}` or `&gt;`?
tmp2.tsx(606,51): error TS1382: Unexpected token. Did you mean `{'>'}` or `&gt;`?
tmp2.tsx(607,60): error TS1005: '}' expected.
tmp2.tsx(609,24): error TS1382: Unexpected token. Did you mean `{'>'}` or `&gt;`?
tmp2.tsx(610,64): error TS1005: '}' expected.
tmp2.tsx(612,9): error TS1381: Unexpected token. Did you mean `{'}'}` or `&rbrace;`?
tmp2.tsx(613,7): error TS1381: Unexpected token. Did you mean `{'}'}` or `&rbrace;`?
tmp2.tsx(614,5): error TS1381: Unexpected token. Did you mean `{'}'}` or `&rbrace;`?
tmp2.tsx(616,45): error TS1382: Unexpected token. Did you mean `{'>'}` or `&gt;`?
tmp2.tsx(617,7): error TS1109: Expression expected.
tmp2.tsx(620,60): error TS1382: Unexpected token. Did you mean `{'>'}` or `&gt;`?
tmp2.tsx(621,9): error TS1109: Expression expected.
tmp2.tsx(621,68): error TS1382: Unexpected token. Did you mean `{'>'}` or `&gt;`?
tmp2.tsx(623,45): error TS1382: Unexpected token. Did you mean `{'>'}` or `&gt;`?
tmp2.tsx(624,7): error TS1381: Unexpected token. Did you mean `{'}'}` or `&rbrace;`?
tmp2.tsx(625,57): error TS1382: Unexpected token. Did you mean `{'>'}` or `&gt;`?
tmp2.tsx(626,60): error TS1005: '}' expected.
tmp2.tsx(628,24): error TS1382: Unexpected token. Did you mean `{'>'}` or `&gt;`?
tmp2.tsx(629,59): error TS1005: '}' expected.
tmp2.tsx(631,9): error TS1381: Unexpected token. Did you mean `{'}'}` or `&rbrace;`?
tmp2.tsx(632,7): error TS1381: Unexpected token. Did you mean `{'}'}` or `&rbrace;`?
tmp2.tsx(633,5): error TS1381: Unexpected token. Did you mean `{'}'}` or `&rbrace;`?
tmp2.tsx(643,89): error TS1005: '}' expected.
tmp2.tsx(645,12): error TS1005: '}' expected.
tmp2.tsx(650,7): error TS1381: Unexpected token. Did you mean `{'}'}` or `&rbrace;`?
tmp2.tsx(657,5): error TS1381: Unexpected token. Did you mean `{'}'}` or `&rbrace;`?
tmp2.tsx(659,67): error TS1382: Unexpected token. Did you mean `{'>'}` or `&gt;`?
tmp2.tsx(660,7): error TS1109: Expression expected.
tmp2.tsx(661,29): error TS1005: '}' expected.
tmp2.tsx(663,11): error TS1109: Expression expected.
tmp2.tsx(671,13): error TS1109: Expression expected.
tmp2.tsx(677,40): error TS1005: '}' expected.
tmp2.tsx(679,13): error TS1381: Unexpected token. Did you mean `{'}'}` or `&rbrace;`?
tmp2.tsx(683,20): error TS1005: '}' expected.
tmp2.tsx(687,13): error TS1381: Unexpected token. Did you mean `{'}'}` or `&rbrace;`?
tmp2.tsx(688,11): error TS1381: Unexpected token. Did you mean `{'}'}` or `&rbrace;`?
tmp2.tsx(690,13): error TS1109: Expression expected.
tmp2.tsx(696,19): error TS1005: '}' expected.
tmp2.tsx(696,143): error TS1381: Unexpected token. Did you mean `{'}'}` or `&rbrace;`?
tmp2.tsx(697,19): error TS1005: '}' expected.
tmp2.tsx(697,161): error TS1381: Unexpected token. Did you mean `{'}'}` or `&rbrace;`?
tmp2.tsx(698,19): error TS1005: '}' expected.
tmp2.tsx(698,155): error TS1381: Unexpected token. Did you mean `{'}'}` or `&rbrace;`?
tmp2.tsx(699,19): error TS1005: '}' expected.
tmp2.tsx(699,151): error TS1381: Unexpected token. Did you mean `{'}'}` or `&rbrace;`?
tmp2.tsx(702,19): error TS1005: '}' expected.
tmp2.tsx(702,346): error TS1381: Unexpected token. Did you mean `{'}'}` or `&rbrace;`?
tmp2.tsx(703,19): error TS1005: '}' expected.
tmp2.tsx(703,299): error TS1381: Unexpected token. Did you mean `{'}'}` or `&rbrace;`?
tmp2.tsx(708,18): error TS1005: '}' expected.
tmp2.tsx(718,13): error TS1381: Unexpected token. Did you mean `{'}'}` or `&rbrace;`?
tmp2.tsx(722,11): error TS1381: Unexpected token. Did you mean `{'}'}` or `&rbrace;`?
tmp2.tsx(730,48): error TS1005: '}' expected.
tmp2.tsx(731,11): error TS1381: Unexpected token. Did you mean `{'}'}` or `&rbrace;`?
tmp2.tsx(734,9): error TS1381: Unexpected token. Did you mean `{'}'}` or `&rbrace;`?
tmp2.tsx(735,69): error TS1005: '}' expected.
tmp2.tsx(741,9): error TS1381: Unexpected token. Did you mean `{'}'}` or `&rbrace;`?
tmp2.tsx(742,32): error TS1005: '}' expected.
tmp2.tsx(743,9): error TS1381: Unexpected token. Did you mean `{'}'}` or `&rbrace;`?
tmp2.tsx(744,7): error TS1381: Unexpected token. Did you mean `{'}'}` or `&rbrace;`?
tmp2.tsx(745,29): error TS1005: '}' expected.
tmp2.tsx(748,7): error TS1381: Unexpected token. Did you mean `{'}'}` or `&rbrace;`?
tmp2.tsx(749,5): error TS1381: Unexpected token. Did you mean `{'}'}` or `&rbrace;`?
tmp2.tsx(752,49): error TS1382: Unexpected token. Did you mean `{'>'}` or `&gt;`?
tmp2.tsx(753,7): error TS1109: Expression expected.
tmp2.tsx(754,31): error TS1005: '}' expected.
tmp2.tsx(755,7): error TS1381: Unexpected token. Did you mean `{'}'}` or `&rbrace;`?
tmp2.tsx(756,5): error TS1381: Unexpected token. Did you mean `{'}'}` or `&rbrace;`?
tmp2.tsx(758,16): error TS1382: Unexpected token. Did you mean `{'>'}` or `&gt;`?
tmp2.tsx(759,68): error TS1005: '}' expected.
tmp2.tsx(761,5): error TS1381: Unexpected token. Did you mean `{'}'}` or `&rbrace;`?
tmp2.tsx(762,3): error TS1381: Unexpected token. Did you mean `{'}'}` or `&rbrace;`?
tmp2.tsx(765,17): error TS1382: Unexpected token. Did you mean `{'>'}` or `&gt;`?
tmp2.tsx(766,5): error TS1109: Expression expected.
tmp2.tsx(766,29): error TS1003: Identifier expected.
tmp2.tsx(767,30): error TS1005: '}' expected.
tmp2.tsx(768,5): error TS1381: Unexpected token. Did you mean `{'}'}` or `&rbrace;`?
tmp2.tsx(769,3): error TS1381: Unexpected token. Did you mean `{'}'}` or `&rbrace;`?
tmp2.tsx(772,17): error TS1382: Unexpected token. Did you mean `{'>'}` or `&gt;`?
tmp2.tsx(773,5): error TS1109: Expression expected.
tmp2.tsx(773,47): error TS1382: Unexpected token. Did you mean `{'>'}` or `&gt;`?
tmp2.tsx(774,7): error TS1109: Expression expected.
tmp2.tsx(775,27): error TS1005: '}' expected.
tmp2.tsx(777,33): error TS1382: Unexpected token. Did you mean `{'>'}` or `&gt;`?
tmp2.tsx(778,7): error TS1381: Unexpected token. Did you mean `{'}'}` or `&rbrace;`?
tmp2.tsx(779,5): error TS1381: Unexpected token. Did you mean `{'}'}` or `&rbrace;`?
tmp2.tsx(781,16): error TS1382: Unexpected token. Did you mean `{'>'}` or `&gt;`?
tmp2.tsx(782,3): error TS1381: Unexpected token. Did you mean `{'}'}` or `&rbrace;`?
tmp2.tsx(785,73): error TS1382: Unexpected token. Did you mean `{'>'}` or `&gt;`?
tmp2.tsx(786,33): error TS1005: '}' expected.
tmp2.tsx(788,94): error TS1005: '}' expected.
tmp2.tsx(790,9): error TS1109: Expression expected.
tmp2.tsx(792,19): error TS1005: '}' expected.
tmp2.tsx(794,9): error TS1381: Unexpected token. Did you mean `{'}'}` or `&rbrace;`?
tmp2.tsx(794,19): error TS1005: '}' expected.
tmp2.tsx(794,26): error TS1381: Unexpected token. Did you mean `{'}'}` or `&rbrace;`?
tmp2.tsx(795,7): error TS1381: Unexpected token. Did you mean `{'}'}` or `&rbrace;`?
tmp2.tsx(796,5): error TS1381: Unexpected token. Did you mean `{'}'}` or `&rbrace;`?
tmp2.tsx(797,51): error TS1005: '}' expected.
tmp2.tsx(798,5): error TS1381: Unexpected token. Did you mean `{'}'}` or `&rbrace;`?
tmp2.tsx(799,3): error TS1381: Unexpected token. Did you mean `{'}'}` or `&rbrace;`?
tmp2.tsx(801,71): error TS1382: Unexpected token. Did you mean `{'>'}` or `&gt;`?
tmp2.tsx(802,9): error TS1005: '}' expected.
tmp2.tsx(803,25): error TS1382: Unexpected token. Did you mean `{'>'}` or `&gt;`?
tmp2.tsx(804,7): error TS1109: Expression expected.
tmp2.tsx(804,34): error TS1382: Unexpected token. Did you mean `{'>'}` or `&gt;`?
tmp2.tsx(805,9): error TS1109: Expression expected.
tmp2.tsx(806,11): error TS1109: Expression expected.
tmp2.tsx(810,22): error TS1005: '}' expected.
tmp2.tsx(812,22): error TS1005: '}' expected.
tmp2.tsx(813,13): error TS1381: Unexpected token. Did you mean `{'}'}` or `&rbrace;`?
tmp2.tsx(814,11): error TS1381: Unexpected token. Did you mean `{'}'}` or `&rbrace;`?
tmp2.tsx(815,9): error TS1381: Unexpected token. Did you mean `{'}'}` or `&rbrace;`?
tmp2.tsx(817,7): error TS1381: Unexpected token. Did you mean `{'}'}` or `&rbrace;`?
tmp2.tsx(820,5): error TS1381: Unexpected token. Did you mean `{'}'}` or `&rbrace;`?
tmp2.tsx(823,7): error TS1109: Expression expected.
tmp2.tsx(823,46): error TS1382: Unexpected token. Did you mean `{'>'}` or `&gt;`?
tmp2.tsx(824,9): error TS1109: Expression expected.
tmp2.tsx(825,11): error TS1109: Expression expected.
tmp2.tsx(827,20): error TS1005: '}' expected.
tmp2.tsx(828,11): error TS1381: Unexpected token. Did you mean `{'}'}` or `&rbrace;`?
tmp2.tsx(829,9): error TS1381: Unexpected token. Did you mean `{'}'}` or `&rbrace;`?
tmp2.tsx(831,7): error TS1381: Unexpected token. Did you mean `{'}'}` or `&rbrace;`?
tmp2.tsx(835,93): error TS1005: '}' expected.
tmp2.tsx(837,11): error TS1109: Expression expected.
tmp2.tsx(839,21): error TS1005: '}' expected.
tmp2.tsx(841,11): error TS1381: Unexpected token. Did you mean `{'}'}` or `&rbrace;`?
tmp2.tsx(841,21): error TS1005: '}' expected.
tmp2.tsx(841,28): error TS1381: Unexpected token. Did you mean `{'}'}` or `&rbrace;`?
tmp2.tsx(842,9): error TS1381: Unexpected token. Did you mean `{'}'}` or `&rbrace;`?
tmp2.tsx(843,7): error TS1381: Unexpected token. Did you mean `{'}'}` or `&rbrace;`?
tmp2.tsx(844,68): error TS1005: '}' expected.
tmp2.tsx(845,7): error TS1381: Unexpected token. Did you mean `{'}'}` or `&rbrace;`?
tmp2.tsx(846,5): error TS1381: Unexpected token. Did you mean `{'}'}` or `&rbrace;`?
tmp2.tsx(847,3): error TS1381: Unexpected token. Did you mean `{'}'}` or `&rbrace;`?
tmp2.tsx(849,77): error TS1382: Unexpected token. Did you mean `{'>'}` or `&gt;`?
tmp2.tsx(850,36): error TS1005: '}' expected.
tmp2.tsx(852,79): error TS1005: '}' expected.
tmp2.tsx(854,9): error TS1109: Expression expected.
tmp2.tsx(856,18): error TS1005: '}' expected.
tmp2.tsx(858,9): error TS1381: Unexpected token. Did you mean `{'}'}` or `&rbrace;`?
tmp2.tsx(858,19): error TS1005: '}' expected.
tmp2.tsx(858,26): error TS1381: Unexpected token. Did you mean `{'}'}` or `&rbrace;`?
tmp2.tsx(859,7): error TS1381: Unexpected token. Did you mean `{'}'}` or `&rbrace;`?
tmp2.tsx(860,5): error TS1381: Unexpected token. Did you mean `{'}'}` or `&rbrace;`?
tmp2.tsx(861,58): error TS1005: '}' expected.
tmp2.tsx(862,5): error TS1381: Unexpected token. Did you mean `{'}'}` or `&rbrace;`?
tmp2.tsx(863,3): error TS1381: Unexpected token. Did you mean `{'}'}` or `&rbrace;`?
tmp2.tsx(865,75): error TS1382: Unexpected token. Did you mean `{'>'}` or `&gt;`?
tmp2.tsx(866,33): error TS1005: '}' expected.
tmp2.tsx(868,81): error TS1005: '}' expected.
tmp2.tsx(870,9): error TS1109: Expression expected.
tmp2.tsx(872,19): error TS1005: '}' expected.
tmp2.tsx(874,9): error TS1381: Unexpected token. Did you mean `{'}'}` or `&rbrace;`?
tmp2.tsx(874,19): error TS1005: '}' expected.
tmp2.tsx(874,26): error TS1381: Unexpected token. Did you mean `{'}'}` or `&rbrace;`?
tmp2.tsx(875,7): error TS1381: Unexpected token. Did you mean `{'}'}` or `&rbrace;`?
tmp2.tsx(876,5): error TS1381: Unexpected token. Did you mean `{'}'}` or `&rbrace;`?
tmp2.tsx(877,51): error TS1005: '}' expected.
tmp2.tsx(878,5): error TS1381: Unexpected token. Did you mean `{'}'}` or `&rbrace;`?
tmp2.tsx(879,3): error TS1381: Unexpected token. Did you mean `{'}'}` or `&rbrace;`?
tmp2.tsx(882,43): error TS1382: Unexpected token. Did you mean `{'>'}` or `&gt;`?
tmp2.tsx(883,5): error TS1109: Expression expected.
tmp2.tsx(888,46): error TS1003: Identifier expected.
tmp2.tsx(891,69): error TS1005: '}' expected.
tmp2.tsx(892,5): error TS1381: Unexpected token. Did you mean `{'}'}` or `&rbrace;`?
tmp2.tsx(893,3): error TS1381: Unexpected token. Did you mean `{'}'}` or `&rbrace;`?
tmp2.tsx(894,17): error TS1382: Unexpected token. Did you mean `{'>'}` or `&gt;`?
tmp2.tsx(895,26): error TS1005: '}' expected.
tmp2.tsx(896,3): error TS1381: Unexpected token. Did you mean `{'}'}` or `&rbrace;`?
tmp2.tsx(899,17): error TS1382: Unexpected token. Did you mean `{'>'}` or `&gt;`?
tmp2.tsx(900,5): error TS1109: Expression expected.
tmp2.tsx(901,55): error TS1005: '}' expected.
tmp2.tsx(903,5): error TS1381: Unexpected token. Did you mean `{'}'}` or `&rbrace;`?
tmp2.tsx(904,3): error TS1381: Unexpected token. Did you mean `{'}'}` or `&rbrace;`?
tmp2.tsx(906,17): error TS1382: Unexpected token. Did you mean `{'>'}` or `&gt;`?
tmp2.tsx(907,5): error TS1109: Expression expected.
tmp2.tsx(908,52): error TS1005: '}' expected.
tmp2.tsx(910,5): error TS1381: Unexpected token. Did you mean `{'}'}` or `&rbrace;`?
tmp2.tsx(911,3): error TS1381: Unexpected token. Did you mean `{'}'}` or `&rbrace;`?
tmp2.tsx(914,36): error TS1382: Unexpected token. Did you mean `{'>'}` or `&gt;`?
tmp2.tsx(915,5): error TS1109: Expression expected.
tmp2.tsx(925,7): error TS1109: Expression expected.
tmp2.tsx(934,49): error TS1005: '}' expected.
tmp2.tsx(936,7): error TS1381: Unexpected token. Did you mean `{'}'}` or `&rbrace;`?
tmp2.tsx(937,5): error TS1381: Unexpected token. Did you mean `{'}'}` or `&rbrace;`?
tmp2.tsx(939,20): error TS1382: Unexpected token. Did you mean `{'>'}` or `&gt;`?
tmp2.tsx(940,62): error TS1005: '}' expected.
tmp2.tsx(941,5): error TS1381: Unexpected token. Did you mean `{'}'}` or `&rbrace;`?
tmp2.tsx(942,3): error TS1381: Unexpected token. Did you mean `{'}'}` or `&rbrace;`?
tmp2.tsx(945,60): error TS1382: Unexpected token. Did you mean `{'>'}` or `&gt;`?
tmp2.tsx(946,23): error TS1005: '}' expected.
tmp2.tsx(948,79): error TS1005: '}' expected.
tmp2.tsx(950,5): error TS1381: Unexpected token. Did you mean `{'}'}` or `&rbrace;`?
tmp2.tsx(952,60): error TS1005: '}' expected.
tmp2.tsx(954,5): error TS1381: Unexpected token. Did you mean `{'}'}` or `&rbrace;`?
tmp2.tsx(961,28): error TS1382: Unexpected token. Did you mean `{'>'}` or `&gt;`?
tmp2.tsx(965,28): error TS1382: Unexpected token. Did you mean `{'>'}` or `&gt;`?
tmp2.tsx(989,9): error TS1005: '}' expected.
tmp2.tsx(990,5): error TS1381: Unexpected token. Did you mean `{'}'}` or `&rbrace;`?
tmp2.tsx(991,75): error TS1005: '}' expected.
tmp2.tsx(992,5): error TS1381: Unexpected token. Did you mean `{'}'}` or `&rbrace;`?
tmp2.tsx(994,28): error TS1382: Unexpected token. Did you mean `{'>'}` or `&gt;`?
tmp2.tsx(998,28): error TS1382: Unexpected token. Did you mean `{'>'}` or `&gt;`?
tmp2.tsx(1006,9): error TS1005: '}' expected.
tmp2.tsx(1009,5): error TS1381: Unexpected token. Did you mean `{'}'}` or `&rbrace;`?
tmp2.tsx(1010,25): error TS1382: Unexpected token. Did you mean `{'>'}` or `&gt;`?
tmp2.tsx(1016,8): error TS1005: '}' expected.
tmp2.tsx(1017,5): error TS1381: Unexpected token. Did you mean `{'}'}` or `&rbrace;`?
tmp2.tsx(1020,28): error TS1382: Unexpected token. Did you mean `{'>'}` or `&gt;`?
tmp2.tsx(1027,3): error TS1381: Unexpected token. Did you mean `{'}'}` or `&rbrace;`?
tmp2.tsx(1030,29): error TS1382: Unexpected token. Did you mean `{'>'}` or `&gt;`?
tmp2.tsx(1031,5): error TS1109: Expression expected.
tmp2.tsx(1037,3): error TS1381: Unexpected token. Did you mean `{'}'}` or `&rbrace;`?
tmp2.tsx(1039,55): error TS1382: Unexpected token. Did you mean `{'>'}` or `&gt;`?
tmp2.tsx(1040,5): error TS1109: Expression expected.
tmp2.tsx(1046,3): error TS1381: Unexpected token. Did you mean `{'}'}` or `&rbrace;`?
tmp2.tsx(1048,73): error TS1382: Unexpected token. Did you mean `{'>'}` or `&gt;`?
tmp2.tsx(1049,24): error TS1005: '}' expected.
tmp2.tsx(1050,43): error TS1382: Unexpected token. Did you mean `{'>'}` or `&gt;`?
tmp2.tsx(1053,22): error TS1005: '}' expected.
tmp2.tsx(1054,5): error TS1381: Unexpected token. Did you mean `{'}'}` or `&rbrace;`?
tmp2.tsx(1057,3): error TS1381: Unexpected token. Did you mean `{'}'}` or `&rbrace;`?
tmp2.tsx(1059,78): error TS1382: Unexpected token. Did you mean `{'>'}` or `&gt;`?
tmp2.tsx(1060,24): error TS1005: '}' expected.
tmp2.tsx(1062,17): error TS1382: Unexpected token. Did you mean `{'>'}` or `&gt;`?
tmp2.tsx(1063,9): error TS1109: Expression expected.
tmp2.tsx(1065,7): error TS1381: Unexpected token. Did you mean `{'}'}` or `&rbrace;`?
tmp2.tsx(1067,54): error TS1382: Unexpected token. Did you mean `{'>'}` or `&gt;`?
tmp2.tsx(1068,53): error TS1005: '}' expected.
tmp2.tsx(1069,5): error TS1381: Unexpected token. Did you mean `{'}'}` or `&rbrace;`?
tmp2.tsx(1071,3): error TS1381: Unexpected token. Did you mean `{'}'}` or `&rbrace;`?
tmp2.tsx(1074,55): error TS17008: JSX element 'HTMLInputElement' has no corresponding closing tag.
tmp2.tsx(1074,75): error TS1382: Unexpected token. Did you mean `{'>'}` or `&gt;`?
tmp2.tsx(1075,5): error TS1109: Expression expected.
tmp2.tsx(1083,25): error TS1382: Unexpected token. Did you mean `{'>'}` or `&gt;`?
tmp2.tsx(1086,11): error TS1005: '}' expected.
tmp2.tsx(1089,7): error TS1381: Unexpected token. Did you mean `{'}'}` or `&rbrace;`?
tmp2.tsx(1093,7): error TS1109: Expression expected.
tmp2.tsx(1094,9): error TS1109: Expression expected.
tmp2.tsx(1095,7): error TS1381: Unexpected token. Did you mean `{'}'}` or `&rbrace;`?
tmp2.tsx(1100,59): error TS1005: '}' expected.
tmp2.tsx(1100,73): error TS1381: Unexpected token. Did you mean `{'}'}` or `&rbrace;`?
tmp2.tsx(1104,26): error TS1003: Identifier expected.
tmp2.tsx(1105,9): error TS1109: Expression expected.
tmp2.tsx(1107,61): error TS1382: Unexpected token. Did you mean `{'>'}` or `&gt;`?
tmp2.tsx(1109,7): error TS1381: Unexpected token. Did you mean `{'}'}` or `&rbrace;`?
tmp2.tsx(1113,9): error TS1109: Expression expected.
tmp2.tsx(1114,7): error TS1381: Unexpected token. Did you mean `{'}'}` or `&rbrace;`?
tmp2.tsx(1118,11): error TS1005: '}' expected.
tmp2.tsx(1122,7): error TS1381: Unexpected token. Did you mean `{'}'}` or `&rbrace;`?
tmp2.tsx(1124,30): error TS1382: Unexpected token. Did you mean `{'>'}` or `&gt;`?
tmp2.tsx(1127,27): error TS1382: Unexpected token. Did you mean `{'>'}` or `&gt;`?
tmp2.tsx(1128,23): error TS1382: Unexpected token. Did you mean `{'>'}` or `&gt;`?
tmp2.tsx(1132,24): error TS1005: '}' expected.
tmp2.tsx(1133,15): error TS1381: Unexpected token. Did you mean `{'}'}` or `&rbrace;`?
tmp2.tsx(1137,5): error TS1381: Unexpected token. Did you mean `{'}'}` or `&rbrace;`?
tmp2.tsx(1147,8): error TS1005: '}' expected.
tmp2.tsx(1148,5): error TS1381: Unexpected token. Did you mean `{'}'}` or `&rbrace;`?
tmp2.tsx(1149,3): error TS1381: Unexpected token. Did you mean `{'}'}` or `&rbrace;`?
tmp2.tsx(1152,75): error TS1382: Unexpected token. Did you mean `{'>'}` or `&gt;`?
tmp2.tsx(1153,5): error TS1109: Expression expected.
tmp2.tsx(1155,57): error TS1382: Unexpected token. Did you mean `{'>'}` or `&gt;`?
tmp2.tsx(1156,7): error TS1109: Expression expected.
tmp2.tsx(1157,29): error TS1382: Unexpected token. Did you mean `{'>'}` or `&gt;`?
tmp2.tsx(1158,9): error TS1109: Expression expected.
tmp2.tsx(1159,11): error TS1109: Expression expected.
tmp2.tsx(1160,15): error TS1005: '}' expected.
tmp2.tsx(1164,11): error TS1381: Unexpected token. Did you mean `{'}'}` or `&rbrace;`?
tmp2.tsx(1165,34): error TS1382: Unexpected token. Did you mean `{'>'}` or `&gt;`?
tmp2.tsx(1166,9): error TS1381: Unexpected token. Did you mean `{'}'}` or `&rbrace;`?
tmp2.tsx(1167,7): error TS1381: Unexpected token. Did you mean `{'}'}` or `&rbrace;`?
tmp2.tsx(1169,5): error TS1381: Unexpected token. Did you mean `{'}'}` or `&rbrace;`?
tmp2.tsx(1171,3): error TS1381: Unexpected token. Did you mean `{'}'}` or `&rbrace;`?
tmp2.tsx(1174,17): error TS1382: Unexpected token. Did you mean `{'>'}` or `&gt;`?
tmp2.tsx(1175,5): error TS1109: Expression expected.
tmp2.tsx(1175,46): error TS1382: Unexpected token. Did you mean `{'>'}` or `&gt;`?
tmp2.tsx(1176,7): error TS1109: Expression expected.
tmp2.tsx(1179,9): error TS1109: Expression expected.
tmp2.tsx(1180,11): error TS1109: Expression expected.
tmp2.tsx(1183,33): error TS1382: Unexpected token. Did you mean `{'>'}` or `&gt;`?
tmp2.tsx(1184,13): error TS1109: Expression expected.
tmp2.tsx(1185,15): error TS1109: Expression expected.
tmp2.tsx(1186,19): error TS1005: '}' expected.
tmp2.tsx(1190,15): error TS1381: Unexpected token. Did you mean `{'}'}` or `&rbrace;`?
tmp2.tsx(1191,38): error TS1382: Unexpected token. Did you mean `{'>'}` or `&gt;`?
tmp2.tsx(1193,13): error TS1381: Unexpected token. Did you mean `{'}'}` or `&rbrace;`?
tmp2.tsx(1194,11): error TS1381: Unexpected token. Did you mean `{'}'}` or `&rbrace;`?
tmp2.tsx(1196,9): error TS1381: Unexpected token. Did you mean `{'}'}` or `&rbrace;`?
tmp2.tsx(1197,7): error TS1381: Unexpected token. Did you mean `{'}'}` or `&rbrace;`?
tmp2.tsx(1198,5): error TS1381: Unexpected token. Did you mean `{'}'}` or `&rbrace;`?
tmp2.tsx(1200,16): error TS1382: Unexpected token. Did you mean `{'>'}` or `&gt;`?
tmp2.tsx(1201,3): error TS1381: Unexpected token. Did you mean `{'}'}` or `&rbrace;`?
tmp2.tsx(1205,15): error TS1005: '}' expected.
tmp2.tsx(1206,12): error TS1005: '}' expected.
tmp2.tsx(1212,18): error TS1005: '}' expected.
tmp2.tsx(1215,9): error TS1381: Unexpected token. Did you mean `{'}'}` or `&rbrace;`?
tmp2.tsx(1217,18): error TS1005: '}' expected.
tmp2.tsx(1220,9): error TS1381: Unexpected token. Did you mean `{'}'}` or `&rbrace;`?
tmp2.tsx(1222,18): error TS1005: '}' expected.
tmp2.tsx(1225,9): error TS1381: Unexpected token. Did you mean `{'}'}` or `&rbrace;`?
tmp2.tsx(1227,18): error TS1005: '}' expected.
tmp2.tsx(1230,9): error TS1381: Unexpected token. Did you mean `{'}'}` or `&rbrace;`?
tmp2.tsx(1232,18): error TS1005: '}' expected.
tmp2.tsx(1235,9): error TS1381: Unexpected token. Did you mean `{'}'}` or `&rbrace;`?
tmp2.tsx(1237,18): error TS1005: '}' expected.
tmp2.tsx(1240,9): error TS1381: Unexpected token. Did you mean `{'}'}` or `&rbrace;`?
tmp2.tsx(1242,18): error TS1005: '}' expected.
tmp2.tsx(1245,9): error TS1381: Unexpected token. Did you mean `{'}'}` or `&rbrace;`?
tmp2.tsx(1247,18): error TS1005: '}' expected.
tmp2.tsx(1250,9): error TS1381: Unexpected token. Did you mean `{'}'}` or `&rbrace;`?
tmp2.tsx(1252,18): error TS1005: '}' expected.
tmp2.tsx(1255,9): error TS1381: Unexpected token. Did you mean `{'}'}` or `&rbrace;`?
tmp2.tsx(1257,18): error TS1005: '}' expected.
tmp2.tsx(1260,9): error TS1381: Unexpected token. Did you mean `{'}'}` or `&rbrace;`?
tmp2.tsx(1262,18): error TS1005: '}' expected.
tmp2.tsx(1265,9): error TS1381: Unexpected token. Did you mean `{'}'}` or `&rbrace;`?
tmp2.tsx(1267,18): error TS1005: '}' expected.
tmp2.tsx(1270,9): error TS1381: Unexpected token. Did you mean `{'}'}` or `&rbrace;`?
tmp2.tsx(1272,5): error TS1381: Unexpected token. Did you mean `{'}'}` or `&rbrace;`?
tmp2.tsx(1274,12): error TS1005: '}' expected.
tmp2.tsx(1278,150): error TS1127: Invalid character.
tmp2.tsx(1278,1067): error TS1127: Invalid character.
tmp2.tsx(1278,1291): error TS1382: Unexpected token. Did you mean `{'>'}` or `&gt;`?
tmp2.tsx(1278,1374): error TS17002: Expected corresponding JSX closing tag for 'div'.
tmp2.tsx(1278,1381): error TS1127: Invalid character.
tmp2.tsx(1278,1389): error TS17002: Expected corresponding JSX closing tag for 'HTMLInputElement'.
tmp2.tsx(1278,1393): error TS1127: Invalid character.
tmp2.tsx(1278,1401): error TS1381: Unexpected token. Did you mean `{'}'}` or `&rbrace;`?
tmp2.tsx(1280,5): error TS1381: Unexpected token. Did you mean `{'}'}` or `&rbrace;`?
tmp2.tsx(1282,12): error TS1005: '}' expected.
tmp2.tsx(1288,18): error TS1005: '}' expected.
tmp2.tsx(1291,9): error TS1381: Unexpected token. Did you mean `{'}'}` or `&rbrace;`?
tmp2.tsx(1293,18): error TS1005: '}' expected.
tmp2.tsx(1296,9): error TS1381: Unexpected token. Did you mean `{'}'}` or `&rbrace;`?
tmp2.tsx(1298,18): error TS1005: '}' expected.
tmp2.tsx(1301,9): error TS1381: Unexpected token. Did you mean `{'}'}` or `&rbrace;`?
tmp2.tsx(1303,18): error TS1005: '}' expected.
tmp2.tsx(1306,9): error TS1381: Unexpected token. Did you mean `{'}'}` or `&rbrace;`?
tmp2.tsx(1308,5): error TS1381: Unexpected token. Did you mean `{'}'}` or `&rbrace;`?
tmp2.tsx(1309,3): error TS1381: Unexpected token. Did you mean `{'}'}` or `&rbrace;`?
tmp2.tsx(1311,55): error TS1382: Unexpected token. Did you mean `{'>'}` or `&gt;`?
tmp2.tsx(1312,27): error TS1005: '}' expected.
tmp2.tsx(1316,28): error TS1382: Unexpected token. Did you mean `{'>'}` or `&gt;`?
tmp2.tsx(1320,28): error TS1382: Unexpected token. Did you mean `{'>'}` or `&gt;`?
tmp2.tsx(1324,28): error TS1382: Unexpected token. Did you mean `{'>'}` or `&gt;`?
tmp2.tsx(1328,28): error TS1382: Unexpected token. Did you mean `{'>'}` or `&gt;`?
tmp2.tsx(1332,28): error TS1382: Unexpected token. Did you mean `{'>'}` or `&gt;`?
tmp2.tsx(1337,3): error TS1381: Unexpected token. Did you mean `{'}'}` or `&rbrace;`?
tmp2.tsx(1339,53): error TS1382: Unexpected token. Did you mean `{'>'}` or `&gt;`?
tmp2.tsx(1340,5): error TS1109: Expression expected.
tmp2.tsx(1344,7): error TS1109: Expression expected.
tmp2.tsx(1345,9): error TS1109: Expression expected.
tmp2.tsx(1346,65): error TS1005: '}' expected.
tmp2.tsx(1346,80): error TS1381: Unexpected token. Did you mean `{'}'}` or `&rbrace;`?
tmp2.tsx(1354,7): error TS1381: Unexpected token. Did you mean `{'}'}` or `&rbrace;`?
tmp2.tsx(1360,31): error TS1382: Unexpected token. Did you mean `{'>'}` or `&gt;`?
tmp2.tsx(1361,9): error TS1109: Expression expected.
tmp2.tsx(1362,48): error TS1003: Identifier expected.
tmp2.tsx(1363,11): error TS1109: Expression expected.
tmp2.tsx(1365,18): error TS1005: '}' expected.
tmp2.tsx(1369,11): error TS1381: Unexpected token. Did you mean `{'}'}` or `&rbrace;`?
tmp2.tsx(1371,17): error TS1382: Unexpected token. Did you mean `{'>'}` or `&gt;`?
tmp2.tsx(1372,26): error TS1005: '}' expected.
tmp2.tsx(1373,11): error TS1381: Unexpected token. Did you mean `{'}'}` or `&rbrace;`?
tmp2.tsx(1375,9): error TS1381: Unexpected token. Did you mean `{'}'}` or `&rbrace;`?
tmp2.tsx(1381,7): error TS1381: Unexpected token. Did you mean `{'}'}` or `&rbrace;`?
tmp2.tsx(1400,49): error TS1003: Identifier expected.
tmp2.tsx(1401,9): error TS1109: Expression expected.
tmp2.tsx(1407,65): error TS1382: Unexpected token. Did you mean `{'>'}` or `&gt;`?
tmp2.tsx(1420,11): error TS1109: Expression expected.
tmp2.tsx(1435,9): error TS1381: Unexpected token. Did you mean `{'}'}` or `&rbrace;`?
tmp2.tsx(1436,11): error TS1109: Expression expected.
tmp2.tsx(1443,9): error TS1381: Unexpected token. Did you mean `{'}'}` or `&rbrace;`?
tmp2.tsx(1454,11): error TS1109: Expression expected.
tmp2.tsx(1498,9): error TS1381: Unexpected token. Did you mean `{'}'}` or `&rbrace;`?
tmp2.tsx(1499,11): error TS1109: Expression expected.
tmp2.tsx(1523,9): error TS1381: Unexpected token. Did you mean `{'}'}` or `&rbrace;`?
tmp2.tsx(1531,42): error TS1382: Unexpected token. Did you mean `{'>'}` or `&gt;`?
tmp2.tsx(1532,11): error TS1109: Expression expected.
tmp2.tsx(1555,40): error TS1003: Identifier expected.
tmp2.tsx(1555,48): error TS1382: Unexpected token. Did you mean `{'>'}` or `&gt;`?
tmp2.tsx(1556,28): error TS1005: '}' expected.
tmp2.tsx(1563,11): error TS1381: Unexpected token. Did you mean `{'}'}` or `&rbrace;`?
tmp2.tsx(1577,41): error TS1382: Unexpected token. Did you mean `{'>'}` or `&gt;`?
tmp2.tsx(1578,13): error TS1109: Expression expected.
tmp2.tsx(1580,15): error TS1109: Expression expected.
tmp2.tsx(1581,17): error TS1109: Expression expected.
tmp2.tsx(1601,15): error TS1381: Unexpected token. Did you mean `{'}'}` or `&rbrace;`?
tmp2.tsx(1602,35): error TS1005: '}' expected.
tmp2.tsx(1603,15): error TS1381: Unexpected token. Did you mean `{'}'}` or `&rbrace;`?
tmp2.tsx(1604,13): error TS1381: Unexpected token. Did you mean `{'}'}` or `&rbrace;`?
tmp2.tsx(1605,37): error TS1005: '}' expected.
tmp2.tsx(1606,13): error TS1381: Unexpected token. Did you mean `{'}'}` or `&rbrace;`?
tmp2.tsx(1607,15): error TS1109: Expression expected.
tmp2.tsx(1628,13): error TS1381: Unexpected token. Did you mean `{'}'}` or `&rbrace;`?
tmp2.tsx(1629,15): error TS1109: Expression expected.
tmp2.tsx(1650,13): error TS1381: Unexpected token. Did you mean `{'}'}` or `&rbrace;`?
tmp2.tsx(1651,15): error TS1109: Expression expected.
tmp2.tsx(1658,13): error TS1381: Unexpected token. Did you mean `{'}'}` or `&rbrace;`?
tmp2.tsx(1659,11): error TS1381: Unexpected token. Did you mean `{'}'}` or `&rbrace;`?
tmp2.tsx(1661,49): error TS1382: Unexpected token. Did you mean `{'>'}` or `&gt;`?
tmp2.tsx(1662,13): error TS1109: Expression expected.
tmp2.tsx(1679,11): error TS1381: Unexpected token. Did you mean `{'}'}` or `&rbrace;`?
tmp2.tsx(1684,9): error TS1381: Unexpected token. Did you mean `{'}'}` or `&rbrace;`?
tmp2.tsx(1711,7): error TS1381: Unexpected token. Did you mean `{'}'}` or `&rbrace;`?
tmp2.tsx(1714,43): error TS1003: Identifier expected.
tmp2.tsx(1715,9): error TS1109: Expression expected.
tmp2.tsx(1717,16): error TS1005: '}' expected.
tmp2.tsx(1721,9): error TS1381: Unexpected token. Did you mean `{'}'}` or `&rbrace;`?
tmp2.tsx(1723,15): error TS1382: Unexpected token. Did you mean `{'>'}` or `&gt;`?
tmp2.tsx(1724,24): error TS1005: '}' expected.
tmp2.tsx(1725,9): error TS1381: Unexpected token. Did you mean `{'}'}` or `&rbrace;`?
tmp2.tsx(1727,7): error TS1381: Unexpected token. Did you mean `{'}'}` or `&rbrace;`?
tmp2.tsx(1734,5): error TS1381: Unexpected token. Did you mean `{'}'}` or `&rbrace;`?
tmp2.tsx(1735,49): error TS1005: '}' expected.
tmp2.tsx(1738,62): error TS1382: Unexpected token. Did you mean `{'>'}` or `&gt;`?
tmp2.tsx(1739,46): error TS1005: '}' expected.
tmp2.tsx(1739,61): error TS1381: Unexpected token. Did you mean `{'}'}` or `&rbrace;`?
tmp2.tsx(1747,5): error TS1381: Unexpected token. Did you mean `{'}'}` or `&rbrace;`?
tmp2.tsx(1748,3): error TS1381: Unexpected token. Did you mean `{'}'}` or `&rbrace;`?
tmp2.tsx(1750,39): error TS1382: Unexpected token. Did you mean `{'>'}` or `&gt;`?
tmp2.tsx(1751,5): error TS1109: Expression expected.
tmp2.tsx(1753,3): error TS1381: Unexpected token. Did you mean `{'}'}` or `&rbrace;`?
tmp2.tsx(1755,32): error TS1382: Unexpected token. Did you mean `{'>'}` or `&gt;`?
tmp2.tsx(1756,5): error TS1109: Expression expected.
tmp2.tsx(1758,3): error TS1381: Unexpected token. Did you mean `{'}'}` or `&rbrace;`?
tmp2.tsx(1761,30): error TS1382: Unexpected token. Did you mean `{'>'}` or `&gt;`?
tmp2.tsx(1762,5): error TS1109: Expression expected.
tmp2.tsx(1764,72): error TS1005: '}' expected.
tmp2.tsx(1766,5): error TS1381: Unexpected token. Did you mean `{'}'}` or `&rbrace;`?
tmp2.tsx(1770,7): error TS1109: Expression expected.
tmp2.tsx(1777,25): error TS1382: Unexpected token. Did you mean `{'>'}` or `&gt;`?
tmp2.tsx(1778,29): error TS1005: '}' expected.
tmp2.tsx(1780,7): error TS1381: Unexpected token. Did you mean `{'}'}` or `&rbrace;`?
tmp2.tsx(1782,32): error TS1382: Unexpected token. Did you mean `{'>'}` or `&gt;`?
tmp2.tsx(1783,13): error TS1005: '}' expected.
tmp2.tsx(1785,57): error TS1003: Identifier expected.
tmp2.tsx(1786,11): error TS1109: Expression expected.
tmp2.tsx(1787,54): error TS1005: '}' expected.
tmp2.tsx(1788,11): error TS1381: Unexpected token. Did you mean `{'}'}` or `&rbrace;`?
tmp2.tsx(1789,56): error TS1005: '}' expected.
tmp2.tsx(1790,11): error TS1381: Unexpected token. Did you mean `{'}'}` or `&rbrace;`?
tmp2.tsx(1791,9): error TS1381: Unexpected token. Did you mean `{'}'}` or `&rbrace;`?
tmp2.tsx(1793,38): error TS1005: '}' expected.
tmp2.tsx(1794,9): error TS1381: Unexpected token. Did you mean `{'}'}` or `&rbrace;`?
tmp2.tsx(1796,7): error TS1381: Unexpected token. Did you mean `{'}'}` or `&rbrace;`?
tmp2.tsx(1798,23): error TS1382: Unexpected token. Did you mean `{'>'}` or `&gt;`?
tmp2.tsx(1799,30): error TS1005: '}' expected.
tmp2.tsx(1801,7): error TS1381: Unexpected token. Did you mean `{'}'}` or `&rbrace;`?
tmp2.tsx(1803,33): error TS1382: Unexpected token. Did you mean `{'>'}` or `&gt;`?
tmp2.tsx(1804,56): error TS1005: '}' expected.
tmp2.tsx(1807,7): error TS1381: Unexpected token. Did you mean `{'}'}` or `&rbrace;`?
tmp2.tsx(1811,5): error TS1381: Unexpected token. Did you mean `{'}'}` or `&rbrace;`?
tmp2.tsx(1812,64): error TS1005: '}' expected.
tmp2.tsx(1813,5): error TS1381: Unexpected token. Did you mean `{'}'}` or `&rbrace;`?
tmp2.tsx(1814,3): error TS1381: Unexpected token. Did you mean `{'}'}` or `&rbrace;`?
tmp2.tsx(1816,29): error TS1382: Unexpected token. Did you mean `{'>'}` or `&gt;`?
tmp2.tsx(1817,5): error TS1109: Expression expected.
tmp2.tsx(1818,7): error TS1109: Expression expected.
tmp2.tsx(1819,38): error TS1005: '}' expected.
tmp2.tsx(1820,7): error TS1381: Unexpected token. Did you mean `{'}'}` or `&rbrace;`?
tmp2.tsx(1821,65): error TS1005: '}' expected.
tmp2.tsx(1822,7): error TS1381: Unexpected token. Did you mean `{'}'}` or `&rbrace;`?
tmp2.tsx(1823,5): error TS1381: Unexpected token. Did you mean `{'}'}` or `&rbrace;`?
tmp2.tsx(1824,3): error TS1381: Unexpected token. Did you mean `{'}'}` or `&rbrace;`?
tmp2.tsx(1826,30): error TS1382: Unexpected token. Did you mean `{'>'}` or `&gt;`?
tmp2.tsx(1827,5): error TS1109: Expression expected.
tmp2.tsx(1828,22): error TS1005: '}' expected.
tmp2.tsx(1829,5): error TS1381: Unexpected token. Did you mean `{'}'}` or `&rbrace;`?
tmp2.tsx(1830,23): error TS1005: '}' expected.
tmp2.tsx(1831,5): error TS1381: Unexpected token. Did you mean `{'}'}` or `&rbrace;`?
tmp2.tsx(1832,3): error TS1381: Unexpected token. Did you mean `{'}'}` or `&rbrace;`?
tmp2.tsx(1834,94): error TS1382: Unexpected token. Did you mean `{'>'}` or `&gt;`?
tmp2.tsx(1836,5): error TS1109: Expression expected.
tmp2.tsx(1837,3): error TS1381: Unexpected token. Did you mean `{'}'}` or `&rbrace;`?
tmp2.tsx(1841,62): error TS1382: Unexpected token. Did you mean `{'>'}` or `&gt;`?
tmp2.tsx(1842,5): error TS1109: Expression expected.
tmp2.tsx(1843,46): error TS1382: Unexpected token. Did you mean `{'>'}` or `&gt;`?
tmp2.tsx(1848,20): error TS1382: Unexpected token. Did you mean `{'>'}` or `&gt;`?
tmp2.tsx(1849,67): error TS1005: '}' expected.
tmp2.tsx(1850,5): error TS1381: Unexpected token. Did you mean `{'}'}` or `&rbrace;`?
tmp2.tsx(1851,3): error TS1381: Unexpected token. Did you mean `{'}'}` or `&rbrace;`?
tmp2.tsx(1853,111): error TS1382: Unexpected token. Did you mean `{'>'}` or `&gt;`?
tmp2.tsx(1854,5): error TS1109: Expression expected.
tmp2.tsx(1860,54): error TS1382: Unexpected token. Did you mean `{'>'}` or `&gt;`?
tmp2.tsx(1861,52): error TS1382: Unexpected token. Did you mean `{'>'}` or `&gt;`?
tmp2.tsx(1868,50): error TS1382: Unexpected token. Did you mean `{'>'}` or `&gt;`?
tmp2.tsx(1870,17): error TS1382: Unexpected token. Did you mean `{'>'}` or `&gt;`?
tmp2.tsx(1876,9): error TS1005: '}' expected.
tmp2.tsx(1878,49): error TS1382: Unexpected token. Did you mean `{'>'}` or `&gt;`?
tmp2.tsx(1879,33): error TS1382: Unexpected token. Did you mean `{'>'}` or `&gt;`?
tmp2.tsx(1880,5): error TS1381: Unexpected token. Did you mean `{'}'}` or `&rbrace;`?
tmp2.tsx(1884,20): error TS1382: Unexpected token. Did you mean `{'>'}` or `&gt;`?
tmp2.tsx(1885,27): error TS1005: '}' expected.
tmp2.tsx(1886,5): error TS1381: Unexpected token. Did you mean `{'}'}` or `&rbrace;`?
tmp2.tsx(1891,9): error TS1005: '}' expected.
tmp2.tsx(1894,5): error TS1381: Unexpected token. Did you mean `{'}'}` or `&rbrace;`?
tmp2.tsx(1896,25): error TS1382: Unexpected token. Did you mean `{'>'}` or `&gt;`?
tmp2.tsx(1900,11): error TS1005: '}' expected.
tmp2.tsx(1902,9): error TS1109: Expression expected.
tmp2.tsx(1902,47): error TS1382: Unexpected token. Did you mean `{'>'}` or `&gt;`?
tmp2.tsx(1904,211): error TS1005: '}' expected.
tmp2.tsx(1905,9): error TS1381: Unexpected token. Did you mean `{'}'}` or `&rbrace;`?
tmp2.tsx(1906,7): error TS1381: Unexpected token. Did you mean `{'}'}` or `&rbrace;`?
tmp2.tsx(1910,15): error TS1005: '}' expected.
tmp2.tsx(1910,54): error TS1381: Unexpected token. Did you mean `{'}'}` or `&rbrace;`?
tmp2.tsx(1911,33): error TS1382: Unexpected token. Did you mean `{'>'}` or `&gt;`?
tmp2.tsx(1912,11): error TS1109: Expression expected.
tmp2.tsx(1912,43): error TS1382: Unexpected token. Did you mean `{'>'}` or `&gt;`?
tmp2.tsx(1913,13): error TS1109: Expression expected.
tmp2.tsx(1914,19): error TS1005: '}' expected.
tmp2.tsx(1916,23): error TS1005: '}' expected.
tmp2.tsx(1916,62): error TS1381: Unexpected token. Did you mean `{'}'}` or `&rbrace;`?
tmp2.tsx(1917,40): error TS1382: Unexpected token. Did you mean `{'>'}` or `&gt;`?
tmp2.tsx(1918,23): error TS1005: '}' expected.
tmp2.tsx(1919,35): error TS1005: '}' expected.
tmp2.tsx(1919,41): error TS1381: Unexpected token. Did you mean `{'}'}` or `&rbrace;`?
tmp2.tsx(1920,17): error TS1381: Unexpected token. Did you mean `{'}'}` or `&rbrace;`?
tmp2.tsx(1922,13): error TS1381: Unexpected token. Did you mean `{'}'}` or `&rbrace;`?
tmp2.tsx(1923,11): error TS1381: Unexpected token. Did you mean `{'}'}` or `&rbrace;`?
tmp2.tsx(1925,17): error TS1005: '}' expected.
tmp2.tsx(1927,11): error TS1381: Unexpected token. Did you mean `{'}'}` or `&rbrace;`?
tmp2.tsx(1928,9): error TS1381: Unexpected token. Did you mean `{'}'}` or `&rbrace;`?
tmp2.tsx(1932,15): error TS1005: '}' expected.
tmp2.tsx(1934,25): error TS1005: '}' expected.
tmp2.tsx(1935,9): error TS1381: Unexpected token. Did you mean `{'}'}` or `&rbrace;`?
tmp2.tsx(1937,19): error TS1005: '}' expected.
tmp2.tsx(1939,9): error TS1381: Unexpected token. Did you mean `{'}'}` or `&rbrace;`?
tmp2.tsx(1940,7): error TS1381: Unexpected token. Did you mean `{'}'}` or `&rbrace;`?
tmp2.tsx(1943,9): error TS1109: Expression expected.
tmp2.tsx(1944,7): error TS1381: Unexpected token. Did you mean `{'}'}` or `&rbrace;`?
tmp2.tsx(1951,9): error TS1109: Expression expected.
tmp2.tsx(1952,11): error TS1109: Expression expected.
tmp2.tsx(1954,55): error TS1005: '}' expected.
tmp2.tsx(1954,62): error TS1381: Unexpected token. Did you mean `{'}'}` or `&rbrace;`?
tmp2.tsx(1956,31): error TS1382: Unexpected token. Did you mean `{'>'}` or `&gt;`?
tmp2.tsx(1957,27): error TS1382: Unexpected token. Did you mean `{'>'}` or `&gt;`?
tmp2.tsx(1961,28): error TS1005: '}' expected.
tmp2.tsx(1962,19): error TS1381: Unexpected token. Did you mean `{'}'}` or `&rbrace;`?
tmp2.tsx(1966,9): error TS1381: Unexpected token. Did you mean `{'}'}` or `&rbrace;`?
tmp2.tsx(1967,7): error TS1381: Unexpected token. Did you mean `{'}'}` or `&rbrace;`?
tmp2.tsx(1970,81): error TS1005: '}' expected.
tmp2.tsx(1970,97): error TS1381: Unexpected token. Did you mean `{'}'}` or `&rbrace;`?
tmp2.tsx(1973,46): error TS1382: Unexpected token. Did you mean `{'>'}` or `&gt;`?
tmp2.tsx(1977,49): error TS1005: '}' expected.
tmp2.tsx(1979,7): error TS1381: Unexpected token. Did you mean `{'}'}` or `&rbrace;`?
tmp2.tsx(1980,9): error TS1109: Expression expected.
tmp2.tsx(1980,46): error TS1382: Unexpected token. Did you mean `{'>'}` or `&gt;`?
tmp2.tsx(1982,13): error TS1005: '}' expected.
tmp2.tsx(1987,9): error TS1381: Unexpected token. Did you mean `{'}'}` or `&rbrace;`?
tmp2.tsx(1989,7): error TS1381: Unexpected token. Did you mean `{'}'}` or `&rbrace;`?
tmp2.tsx(1993,22): error TS1382: Unexpected token. Did you mean `{'>'}` or `&gt;`?
tmp2.tsx(1994,73): error TS1005: '}' expected.
tmp2.tsx(1995,7): error TS1381: Unexpected token. Did you mean `{'}'}` or `&rbrace;`?
tmp2.tsx(1996,5): error TS1381: Unexpected token. Did you mean `{'}'}` or `&rbrace;`?
tmp2.tsx(1997,52): error TS1005: '}' expected.
tmp2.tsx(1998,27): error TS1382: Unexpected token. Did you mean `{'>'}` or `&gt;`?
tmp2.tsx(1999,23): error TS1382: Unexpected token. Did you mean `{'>'}` or `&gt;`?
tmp2.tsx(2003,24): error TS1005: '}' expected.
tmp2.tsx(2004,15): error TS1381: Unexpected token. Did you mean `{'}'}` or `&rbrace;`?
tmp2.tsx(2008,5): error TS1381: Unexpected token. Did you mean `{'}'}` or `&rbrace;`?
tmp2.tsx(2009,23): error TS1005: '}' expected.
tmp2.tsx(2010,5): error TS1381: Unexpected token. Did you mean `{'}'}` or `&rbrace;`?
tmp2.tsx(2011,3): error TS1381: Unexpected token. Did you mean `{'}'}` or `&rbrace;`?
tmp2.tsx(2014,36): error TS1382: Unexpected token. Did you mean `{'>'}` or `&gt;`?
tmp2.tsx(2015,5): error TS1109: Expression expected.
tmp2.tsx(2033,3): error TS1381: Unexpected token. Did you mean `{'}'}` or `&rbrace;`?
tmp2.tsx(2036,33): error TS1382: Unexpected token. Did you mean `{'>'}` or `&gt;`?
tmp2.tsx(2037,5): error TS1109: Expression expected.
tmp2.tsx(2037,54): error TS1382: Unexpected token. Did you mean `{'>'}` or `&gt;`?
tmp2.tsx(2043,54): error TS1382: Unexpected token. Did you mean `{'>'}` or `&gt;`?
tmp2.tsx(2044,25): error TS1005: '}' expected.
tmp2.tsx(2046,60): error TS1005: '}' expected.
tmp2.tsx(2048,7): error TS1381: Unexpected token. Did you mean `{'}'}` or `&rbrace;`?
tmp2.tsx(2050,11): error TS1005: '}' expected.
tmp2.tsx(2054,7): error TS1381: Unexpected token. Did you mean `{'}'}` or `&rbrace;`?
tmp2.tsx(2061,5): error TS1381: Unexpected token. Did you mean `{'}'}` or `&rbrace;`?
tmp2.tsx(2063,46): error TS1382: Unexpected token. Did you mean `{'>'}` or `&gt;`?
tmp2.tsx(2064,7): error TS1109: Expression expected.
tmp2.tsx(2064,48): error TS1382: Unexpected token. Did you mean `{'>'}` or `&gt;`?
tmp2.tsx(2067,5): error TS1381: Unexpected token. Did you mean `{'}'}` or `&rbrace;`?
tmp2.tsx(2234,3): error TS1381: Unexpected token. Did you mean `{'}'}` or `&rbrace;`?
tmp2.tsx(2237,34): error TS1382: Unexpected token. Did you mean `{'>'}` or `&gt;`?
tmp2.tsx(2238,5): error TS1109: Expression expected.
tmp2.tsx(2238,55): error TS1382: Unexpected token. Did you mean `{'>'}` or `&gt;`?
tmp2.tsx(2239,25): error TS1005: '}' expected.
tmp2.tsx(2241,76): error TS1005: '}' expected.
tmp2.tsx(2243,7): error TS1381: Unexpected token. Did you mean `{'}'}` or `&rbrace;`?
tmp2.tsx(2254,11): error TS1005: '}' expected.
tmp2.tsx(2260,7): error TS1381: Unexpected token. Did you mean `{'}'}` or `&rbrace;`?
tmp2.tsx(2269,5): error TS1381: Unexpected token. Did you mean `{'}'}` or `&rbrace;`?
tmp2.tsx(2271,68): error TS1382: Unexpected token. Did you mean `{'>'}` or `&gt;`?
tmp2.tsx(2272,26): error TS1005: '}' expected.
tmp2.tsx(2273,44): error TS1382: Unexpected token. Did you mean `{'>'}` or `&gt;`?
tmp2.tsx(2276,33): error TS1005: '}' expected.
tmp2.tsx(2278,7): error TS1381: Unexpected token. Did you mean `{'}'}` or `&rbrace;`?
tmp2.tsx(2280,5): error TS1381: Unexpected token. Did you mean `{'}'}` or `&rbrace;`?
tmp2.tsx(2282,47): error TS1382: Unexpected token. Did you mean `{'>'}` or `&gt;`?
tmp2.tsx(2283,7): error TS1109: Expression expected.
tmp2.tsx(2284,33): error TS1005: '}' expected.
tmp2.tsx(2287,7): error TS1381: Unexpected token. Did you mean `{'}'}` or `&rbrace;`?
tmp2.tsx(2288,31): error TS1005: '}' expected.
tmp2.tsx(2291,7): error TS1381: Unexpected token. Did you mean `{'}'}` or `&rbrace;`?
tmp2.tsx(2292,5): error TS1381: Unexpected token. Did you mean `{'}'}` or `&rbrace;`?
tmp2.tsx(2294,46): error TS1382: Unexpected token. Did you mean `{'>'}` or `&gt;`?
tmp2.tsx(2528,3): error TS1381: Unexpected token. Did you mean `{'}'}` or `&rbrace;`?
tmp2.tsx(2531,30): error TS1382: Unexpected token. Did you mean `{'>'}` or `&gt;`?
tmp2.tsx(2532,5): error TS1109: Expression expected.
tmp2.tsx(2802,3): error TS1381: Unexpected token. Did you mean `{'}'}` or `&rbrace;`?
tmp2.tsx(2805,41): error TS1382: Unexpected token. Did you mean `{'>'}` or `&gt;`?
tmp2.tsx(2806,5): error TS1109: Expression expected.
tmp2.tsx(3003,3): error TS1381: Unexpected token. Did you mean `{'}'}` or `&rbrace;`?
tmp2.tsx(3006,49): error TS1382: Unexpected token. Did you mean `{'>'}` or `&gt;`?
tmp2.tsx(5772,1): error TS1381: Unexpected token. Did you mean `{'}'}` or `&rbrace;`?
tmp2.tsx(5773,1): error TS1005: '</' expected.
